make: Entering directory '/home/runner/work/Void-Kernal-/Void-Kernal-/kernel'
make[1]: Entering directory '/home/runner/work/Void-Kernal-/Void-Kernal-/out'
  GEN     ./Makefile
scripts/kconfig/conf  --silentoldconfig Kconfig
  CHK     include/config/kernel.release
  UPD     include/config/kernel.release
  GEN     ./Makefile
  CHK     include/generated/uapi/linux/version.h
  UPD     include/generated/uapi/linux/version.h
  WRAP    arch/arm64/include/generated/asm/bugs.h
  WRAP    arch/arm64/include/generated/asm/clkdev.h
  WRAP    arch/arm64/include/generated/asm/cputime.h
  WRAP    arch/arm64/include/generated/asm/delay.h
  WRAP    arch/arm64/include/generated/asm/div64.h
  WRAP    arch/arm64/include/generated/asm/dma.h
  WRAP    arch/arm64/include/generated/asm/dma-contiguous.h
  WRAP    arch/arm64/include/generated/asm/early_ioremap.h
  WRAP    arch/arm64/include/generated/asm/emergency-restart.h
  WRAP    arch/arm64/include/generated/asm/errno.h
  WRAP    arch/arm64/include/generated/asm/hw_irq.h
  WRAP    arch/arm64/include/generated/asm/ioctl.h
  WRAP    arch/arm64/include/generated/asm/ioctls.h
  WRAP    arch/arm64/include/generated/asm/ipcbuf.h
  WRAP    arch/arm64/include/generated/asm/irq_regs.h
  WRAP    arch/arm64/include/generated/asm/kdebug.h
  CHK     include/generated/utsrelease.h
  WRAP    arch/arm64/include/generated/asm/kmap_types.h
  WRAP    arch/arm64/include/generated/asm/kvm_para.h
  WRAP    arch/arm64/include/generated/asm/local.h
  UPD     include/generated/utsrelease.h
  WRAP    arch/arm64/include/generated/asm/local64.h
  WRAP    arch/arm64/include/generated/asm/mcs_spinlock.h
  WRAP    arch/arm64/include/generated/asm/mm-arch-hooks.h
  WRAP    arch/arm64/include/generated/asm/mman.h
  WRAP    arch/arm64/include/generated/asm/msgbuf.h
  WRAP    arch/arm64/include/generated/asm/msi.h
  WRAP    arch/arm64/include/generated/asm/mutex.h
  WRAP    arch/arm64/include/generated/asm/poll.h
  WRAP    arch/arm64/include/generated/asm/preempt.h
  WRAP    arch/arm64/include/generated/asm/resource.h
  WRAP    arch/arm64/include/generated/asm/rwsem.h
  WRAP    arch/arm64/include/generated/asm/segment.h
  WRAP    arch/arm64/include/generated/asm/sembuf.h
  WRAP    arch/arm64/include/generated/asm/serial.h
  WRAP    arch/arm64/include/generated/asm/set_memory.h
  WRAP    arch/arm64/include/generated/asm/shmbuf.h
  WRAP    arch/arm64/include/generated/asm/simd.h
  WRAP    arch/arm64/include/generated/asm/sizes.h
  WRAP    arch/arm64/include/generated/asm/socket.h
  WRAP    arch/arm64/include/generated/asm/sockios.h
  WRAP    arch/arm64/include/generated/asm/swab.h
  WRAP    arch/arm64/include/generated/asm/switch_to.h
  WRAP    arch/arm64/include/generated/asm/termbits.h
  WRAP    arch/arm64/include/generated/asm/termios.h
  WRAP    arch/arm64/include/generated/asm/trace_clock.h
  WRAP    arch/arm64/include/generated/asm/types.h
  WRAP    arch/arm64/include/generated/asm/unaligned.h
  WRAP    arch/arm64/include/generated/asm/user.h
  WRAP    arch/arm64/include/generated/asm/vga.h
  HOSTCC  scripts/basic/fixdep
  WRAP    arch/arm64/include/generated/uapi/asm/kvm_para.h
  Using /home/runner/work/Void-Kernal-/Void-Kernal-/kernel as source for kernel
  HOSTCC  scripts/basic/bin2c
  CHK     include/generated/timeconst.h
  CC      kernel/bounds.s
  LDS     scripts/module-lto.lds
  UPD     include/generated/timeconst.h
  HOSTCC  scripts/dtbtool_exynos/dtbtool.o
  CHK     include/generated/bounds.h
  HOSTCC  scripts/dtc/dtc.o
  UPD     include/generated/bounds.h
  CC      arch/arm64/kernel/asm-offsets.s
  HOSTCC  scripts/genksyms/genksyms.o
  HOSTCC  scripts/dtc/flattree.o
  HOSTCC  scripts/dtbtool_exynos/../dtc/libfdt/fdt.o
  HOSTCC  scripts/dtbtool_exynos/../dtc/libfdt/fdt_ro.o
  SHIPPED scripts/genksyms/parse.tab.c
  SHIPPED scripts/genksyms/lex.lex.c
  SHIPPED scripts/genksyms/keywords.hash.c
  SHIPPED scripts/genksyms/parse.tab.h
  HOSTCC  scripts/genksyms/parse.tab.o
  CHK     include/generated/asm-offsets.h
  UPD     include/generated/asm-offsets.h
  CALL    /home/runner/work/Void-Kernal-/Void-Kernal-/kernel/scripts/checksyscalls.sh
  HOSTCC  scripts/dtc/fstree.o
  HOSTLD  scripts/dtbtool_exynos/dtbtool
  HOSTCC  scripts/genksyms/lex.lex.o
  HOSTCC  scripts/dtc/data.o
  CC      scripts/mod/empty.o
  HOSTCC  scripts/mod/mk_elfconfig
  HOSTCC  scripts/dtc/livetree.o
  CC      scripts/mod/devicetable-offsets.s
  MKELF   scripts/mod/elfconfig.h
  CHK     scripts/mod/devicetable-offsets.h
  UPD     scripts/mod/devicetable-offsets.h
  HOSTCC  scripts/mod/sumversion.o
  HOSTCC  scripts/mod/modpost.o
  HOSTLD  scripts/genksyms/genksyms
  HOSTCC  scripts/dtc/treesource.o
  HOSTCC  scripts/selinux/genheaders/genheaders
  HOSTCC  scripts/kallsyms
  HOSTCC  scripts/dtc/srcpos.o
  HOSTCC  scripts/selinux/mdp/mdp
  HOSTCC  scripts/dtc/checks.o
  HOSTCC  scripts/mod/file2alias.o
  LDS     arch/arm64/kernel/vdso/vdso.lds
  VDSOC   arch/arm64/kernel/vdso/vgettimeofday.o
  VDSOA   arch/arm64/kernel/vdso/note.o
  HOSTCC  scripts/dtc/util.o
  SHIPPED scripts/dtc/dtc-lexer.lex.c
  VDSOA   arch/arm64/kernel/vdso/sigreturn.o
  HOSTCC  scripts/sortextable
  LD      arch/arm64/kernel/vdso/vdso.so.dbg
  VDSOSYM include/generated/vdso-offsets.h
make[2]: arm-linux-gnueabi-clang: No such file or directory
  SHIPPED scripts/dtc/dtc-parser.tab.h
  SHIPPED scripts/dtc/dtc-parser.tab.c
  HOSTCC  scripts/dtc/dtc-lexer.lex.o
  LDS     arch/arm64/kernel/vdso32/vdso.lds
  VDSOC32   arch/arm64/kernel/vdso32/vgettimeofday.o
/bin/sh: 1: arm-linux-gnueabi-clang: not found
make[2]: *** [/home/runner/work/Void-Kernal-/Void-Kernal-/kernel/arch/arm64/kernel/vdso32/Makefile:154: arch/arm64/kernel/vdso32/vgettimeofday.o] Error 127
make[1]: *** [arch/arm64/Makefile:250: vdso_prepare] Error 2
  HOSTCC  scripts/dtc/dtc-parser.tab.o
make[1]: *** Waiting for unfinished jobs....
  HOSTCC  scripts/asn1_compiler
  HOSTLD  scripts/mod/modpost
  HOSTLD  scripts/dtc/dtc
make[1]: Leaving directory '/home/runner/work/Void-Kernal-/Void-Kernal-/out'
make: *** [Makefile:152: sub-make] Error 2
make: Leaving directory '/home/runner/work/Void-Kernal-/Void-Kernal-/kernel'
