make: Entering directory '/home/runner/work/Void-Kernal-/Void-Kernal-/kernel'
make[1]: Entering directory '/home/runner/work/Void-Kernal-/Void-Kernal-/out'
  GEN     ./Makefile
scripts/kconfig/conf  --silentoldconfig Kconfig
  CHK     include/config/kernel.release
  UPD     include/config/kernel.release
  GEN     ./Makefile
  CHK     include/generated/uapi/linux/version.h
  UPD     include/generated/uapi/linux/version.h
  WRAP    arch/arm64/include/generated/asm/bugs.h
  WRAP    arch/arm64/include/generated/asm/clkdev.h
  WRAP    arch/arm64/include/generated/asm/cputime.h
  WRAP    arch/arm64/include/generated/asm/delay.h
  WRAP    arch/arm64/include/generated/asm/div64.h
  WRAP    arch/arm64/include/generated/asm/dma.h
  WRAP    arch/arm64/include/generated/asm/dma-contiguous.h
  WRAP    arch/arm64/include/generated/asm/early_ioremap.h
  WRAP    arch/arm64/include/generated/asm/emergency-restart.h
  WRAP    arch/arm64/include/generated/asm/errno.h
  WRAP    arch/arm64/include/generated/asm/hw_irq.h
  WRAP    arch/arm64/include/generated/asm/ioctl.h
  WRAP    arch/arm64/include/generated/asm/ioctls.h
  WRAP    arch/arm64/include/generated/asm/ipcbuf.h
  WRAP    arch/arm64/include/generated/asm/irq_regs.h
  CHK     include/generated/utsrelease.h
  WRAP    arch/arm64/include/generated/asm/kdebug.h
  WRAP    arch/arm64/include/generated/asm/kmap_types.h
  WRAP    arch/arm64/include/generated/asm/kvm_para.h
  WRAP    arch/arm64/include/generated/asm/local.h
  WRAP    arch/arm64/include/generated/asm/local64.h
  UPD     include/generated/utsrelease.h
  WRAP    arch/arm64/include/generated/asm/mcs_spinlock.h
  WRAP    arch/arm64/include/generated/asm/mm-arch-hooks.h
  WRAP    arch/arm64/include/generated/asm/mman.h
  WRAP    arch/arm64/include/generated/asm/msgbuf.h
  WRAP    arch/arm64/include/generated/asm/msi.h
  WRAP    arch/arm64/include/generated/asm/mutex.h
  WRAP    arch/arm64/include/generated/asm/poll.h
  WRAP    arch/arm64/include/generated/asm/preempt.h
  WRAP    arch/arm64/include/generated/asm/resource.h
  WRAP    arch/arm64/include/generated/asm/rwsem.h
  WRAP    arch/arm64/include/generated/asm/segment.h
  WRAP    arch/arm64/include/generated/asm/sembuf.h
  WRAP    arch/arm64/include/generated/asm/serial.h
  WRAP    arch/arm64/include/generated/asm/set_memory.h
  WRAP    arch/arm64/include/generated/asm/shmbuf.h
  WRAP    arch/arm64/include/generated/asm/simd.h
  WRAP    arch/arm64/include/generated/asm/sizes.h
  WRAP    arch/arm64/include/generated/asm/socket.h
  WRAP    arch/arm64/include/generated/asm/sockios.h
  WRAP    arch/arm64/include/generated/asm/swab.h
  WRAP    arch/arm64/include/generated/asm/switch_to.h
  WRAP    arch/arm64/include/generated/asm/termbits.h
  WRAP    arch/arm64/include/generated/asm/termios.h
  WRAP    arch/arm64/include/generated/asm/trace_clock.h
  WRAP    arch/arm64/include/generated/asm/types.h
  WRAP    arch/arm64/include/generated/asm/unaligned.h
  WRAP    arch/arm64/include/generated/asm/user.h
  WRAP    arch/arm64/include/generated/asm/vga.h
  HOSTCC  scripts/basic/fixdep
  WRAP    arch/arm64/include/generated/uapi/asm/kvm_para.h
  Using /home/runner/work/Void-Kernal-/Void-Kernal-/kernel as source for kernel
  HOSTCC  scripts/basic/bin2c
  CHK     include/generated/timeconst.h
  CC      kernel/bounds.s
  LDS     scripts/module-lto.lds
  UPD     include/generated/timeconst.h
  CHK     include/generated/bounds.h
  HOSTCC  scripts/dtbtool_exynos/dtbtool.o
  UPD     include/generated/bounds.h
  HOSTCC  scripts/dtc/dtc.o
  CC      arch/arm64/kernel/asm-offsets.s
  HOSTCC  scripts/genksyms/genksyms.o
  HOSTCC  scripts/dtc/flattree.o
  HOSTCC  scripts/dtbtool_exynos/../dtc/libfdt/fdt.o
  HOSTCC  scripts/dtbtool_exynos/../dtc/libfdt/fdt_ro.o
  SHIPPED scripts/genksyms/parse.tab.c
  SHIPPED scripts/genksyms/lex.lex.c
  SHIPPED scripts/genksyms/keywords.hash.c
  SHIPPED scripts/genksyms/parse.tab.h
  HOSTCC  scripts/genksyms/parse.tab.o
  CHK     include/generated/asm-offsets.h
  UPD     include/generated/asm-offsets.h
  CALL    /home/runner/work/Void-Kernal-/Void-Kernal-/kernel/scripts/checksyscalls.sh
  HOSTCC  scripts/dtc/fstree.o
  HOSTCC  scripts/genksyms/lex.lex.o
  HOSTLD  scripts/dtbtool_exynos/dtbtool
  HOSTCC  scripts/dtc/data.o
  CC      scripts/mod/empty.o
  HOSTCC  scripts/mod/mk_elfconfig
  HOSTCC  scripts/dtc/livetree.o
  CC      scripts/mod/devicetable-offsets.s
  MKELF   scripts/mod/elfconfig.h
  CHK     scripts/mod/devicetable-offsets.h
  UPD     scripts/mod/devicetable-offsets.h
  HOSTCC  scripts/mod/sumversion.o
  HOSTCC  scripts/mod/modpost.o
  HOSTLD  scripts/genksyms/genksyms
  HOSTCC  scripts/dtc/treesource.o
  HOSTCC  scripts/mod/file2alias.o
  HOSTCC  scripts/dtc/srcpos.o
  LDS     arch/arm64/kernel/vdso/vdso.lds
  VDSOC   arch/arm64/kernel/vdso/vgettimeofday.o
  HOSTCC  scripts/dtc/checks.o
  VDSOA   arch/arm64/kernel/vdso/note.o
  VDSOA   arch/arm64/kernel/vdso/sigreturn.o
  LD      arch/arm64/kernel/vdso/vdso.so.dbg
  VDSOSYM include/generated/vdso-offsets.h
  HOSTCC  scripts/dtc/util.o
  HOSTCC  scripts/selinux/genheaders/genheaders
  SHIPPED scripts/dtc/dtc-lexer.lex.c
  HOSTLD  scripts/mod/modpost
  SHIPPED scripts/dtc/dtc-parser.tab.h
  SHIPPED scripts/dtc/dtc-parser.tab.c
  HOSTCC  scripts/dtc/dtc-lexer.lex.o
  HOSTCC  scripts/dtc/dtc-parser.tab.o
  LDS     arch/arm64/kernel/vdso32/vdso.lds
  VDSOC32   arch/arm64/kernel/vdso32/vgettimeofday.o
  HOSTCC  scripts/selinux/mdp/mdp
  VDSOA32   arch/arm64/kernel/vdso32/sigreturn.o
  HOSTCC  arch/arm64/kernel/vdso32/../../../arm/vdso/vdsomunge
  VDSOL32   arch/arm64/kernel/vdso32/vdso.so.raw
  HOSTCC  scripts/kallsyms
  HOSTCC  scripts/sortextable
  HOSTLD  scripts/dtc/dtc
  MUNGE   arch/arm64/kernel/vdso32/vdso.so.dbg
  VDSOSYM include/generated/vdso32-offsets.h
  HOSTCC  scripts/asn1_compiler
  CC      init/main.o
  HOSTCC  usr/gen_init_cpio
  CC      arch/arm64/mm/dma-mapping.o
  CC      arch/arm64/kernel/debug-monitors.o
  GEN     usr/initramfs_data.cpio.gz
  AS      usr/initramfs_data.o
  AR      usr/built-in.o
  CHK     include/generated/compile.h
  UPD     include/generated/compile.h
  AS      arch/arm64/kernel/entry.o
  CC      arch/arm64/mm/extable.o
  CC      arch/arm64/kernel/irq.o
  CC      arch/arm64/mm/fault.o
  CC      arch/arm64/kernel/fpsimd.o
  AS      arch/arm64/kernel/entry-fpsimd.o
  CC      init/do_mounts.o
  CC      arch/arm64/net/bpf_jit_comp.o
  CC      arch/arm64/mm/init.o
  CC      arch/arm64/kernel/process.o
  AR      arch/arm64/net/built-in.o
  CC      arch/arm64/crypto/sha1-ce-glue.o
  AS      arch/arm64/mm/cache.o
  CC      arch/arm64/mm/copypage.o
  CC      arch/arm64/kernel/ptrace.o
  CC      init/do_mounts_rd.o
  AS      arch/arm64/crypto/sha1-ce-core.o
  CC      arch/arm64/mm/flush.o
  CC      arch/arm64/crypto/sha2-ce-glue.o
  CC      init/do_mounts_initrd.o
  AS      arch/arm64/crypto/sha2-ce-core.o
  CC      arch/arm64/kernel/setup.o
  CC      arch/arm64/mm/ioremap.o
  AS      arch/arm64/crypto/aes-ce-core.o
  CC      arch/arm64/crypto/aes-ce-glue.o
  CC      init/do_mounts_dm.o
  CC      arch/arm64/kernel/signal.o
  CC      arch/arm64/mm/mmap.o
  CC      arch/arm64/crypto/aes-glue-ce.o
  CC      arch/arm64/mm/pgd.o
  CC      init/noinitramfs.o
  AS      arch/arm64/crypto/aes-ce.o
  CC      arch/arm64/kernel/sys.o
  CC      arch/arm64/crypto/crc32-arm64.o
  CC      arch/arm64/mm/mmu.o
  CC      init/initramfs.o
  CC      arch/arm64/kernel/stacktrace.o
  AR      arch/arm64/crypto/sha1-ce.o
  AR      arch/arm64/crypto/sha2-ce.o
  AR      arch/arm64/crypto/aes-ce-cipher.o
  AR      arch/arm64/crypto/aes-ce-blk.o
  AR      arch/arm64/crypto/built-in.o
  CC      arch/arm64/kernel/time.o
  CC      init/calibrate.o
  CC      init/init_task.o
  CC      arch/arm64/mm/context.o
  CC      arch/arm64/kernel/traps.o
  CC      kernel/fork.o
  AS      arch/arm64/mm/proc.o
  CC      arch/arm64/mm/pageattr.o
  CC      arch/arm64/kernel/io.o
  CC      init/version.o
  AR      arch/arm64/mm/built-in.o
  AR      init/mounts.o
  CC      kernel/exec_domain.o
  CC      arch/arm64/kernel/vdso.o
  AR      init/built-in.o
  AR      certs/built-in.o
  AS      arch/arm64/kernel/hyp-stub.o
  CC      mm/filemap.o
  CC      kernel/panic.o
  CC      fs/open.o
  CC      arch/arm64/kernel/psci.o
In file included from /home/runner/work/Void-Kernal-/Void-Kernal-/kernel/kernel/panic.c:26:
/home/runner/work/Void-Kernal-/Void-Kernal-/kernel/include/linux/nmi.h:111:49: warning: omitting the parameter name in a function definition is a C2x extension [-Wc2x-extensions]
static inline void sl_softirq_entry(const char *, void *) { }
                                                ^
/home/runner/work/Void-Kernal-/Void-Kernal-/kernel/include/linux/nmi.h:111:57: warning: omitting the parameter name in a function definition is a C2x extension [-Wc2x-extensions]
static inline void sl_softirq_entry(const char *, void *) { }
                                                        ^
2 warnings generated.
  CC      arch/arm64/kernel/cpu_ops.o
  CC      kernel/cpu.o
  CC      arch/arm64/kernel/insn.o
  CC      mm/mempool.o
  CC      arch/arm64/kernel/return_address.o
  CC      fs/read_write.o
  CC      mm/oom_kill.o
  CC      arch/arm64/kernel/cpuinfo.o
  CC      kernel/exit.o
  CC      arch/arm64/kernel/cpu_errata.o
  CC      fs/file_table.o
  CC      arch/arm64/kernel/cpufeature.o
  CC      mm/maccess.o
  CC      mm/page_alloc.o
  CC      fs/super.o
  CC      kernel/softirq.o
  CC      arch/arm64/kernel/alternative.o
In file included from /home/runner/work/Void-Kernal-/Void-Kernal-/kernel/kernel/softirq.c:37:
/home/runner/work/Void-Kernal-/Void-Kernal-/kernel/include/linux/nmi.h:111:49: warning: omitting the parameter name in a function definition is a C2x extension [-Wc2x-extensions]
static inline void sl_softirq_entry(const char *, void *) { }
                                                ^
/home/runner/work/Void-Kernal-/Void-Kernal-/kernel/include/linux/nmi.h:111:57: warning: omitting the parameter name in a function definition is a C2x extension [-Wc2x-extensions]
static inline void sl_softirq_entry(const char *, void *) { }
                                                        ^
2 warnings generated.
  CC      arch/arm64/kernel/cacheinfo.o
  CC      kernel/resource.o
  CC      fs/char_dev.o
  CC      arch/arm64/kernel/smp.o
  CC      mm/page-writeback.o
  CC      kernel/sysctl.o
  CC      fs/stat.o
  CC      arch/arm64/kernel/smp_spin_table.o
  CC      arch/arm64/kernel/topology.o
In file included from /home/runner/work/Void-Kernal-/Void-Kernal-/kernel/kernel/sysctl.c:95:
/home/runner/work/Void-Kernal-/Void-Kernal-/kernel/include/linux/nmi.h:111:49: warning: omitting the parameter name in a function definition is a C2x extension [-Wc2x-extensions]
static inline void sl_softirq_entry(const char *, void *) { }
                                                ^
/home/runner/work/Void-Kernal-/Void-Kernal-/kernel/include/linux/nmi.h:111:57: warning: omitting the parameter name in a function definition is a C2x extension [-Wc2x-extensions]
static inline void sl_softirq_entry(const char *, void *) { }
                                                        ^
2 warnings generated.
  CC      fs/exec.o
  AS      arch/arm64/kernel/smccc-call.o
  CC      arch/arm64/kernel/sys32.o
  CC      mm/readahead.o
  CC      arch/arm64/kernel/signal32.o
  CC      kernel/sysctl_binary.o
  CC      mm/swap.o
  CC      arch/arm64/kernel/sys_compat.o
  CC      fs/pipe.o
  CC      kernel/capability.o
  AS      arch/arm64/kernel/entry32.o
  AS      arch/arm64/kernel/kuser32.o
  CC      arch/arm64/kernel/arm64ksyms.o
  CC      kernel/ptrace.o
  CC      mm/truncate.o
  CC      fs/namei.o
  CC      arch/arm64/kernel/module.o
  CC      arch/arm64/kernel/module-plts.o
  CC      mm/vmscan.o
  CC      arch/arm64/kernel/perf_regs.o
  CC      kernel/user.o
  CC      arch/arm64/kernel/perf_callchain.o
  CC      kernel/signal.o
  CC      arch/arm64/kernel/perf_event.o
  CC      fs/fcntl.o
  CC      arch/arm64/kernel/hw_breakpoint.o
  CC      mm/shmem.o
  AS      arch/arm64/kernel/sleep.o
  CC      fs/ioctl.o
  CC      arch/arm64/kernel/suspend.o
  CC      kernel/sys.o
  CC      arch/arm64/kernel/cpuidle.o
  AS      arch/arm64/kernel/exynos-smc.o
  CC      arch/arm64/kernel/efi.o
  CC      mm/util.o
  CC      fs/readdir.o
  AS      arch/arm64/kernel/efi-entry.o
  CC      arch/arm64/kernel/pci.o
  CC      kernel/kmod.o
  CC      arch/arm64/kernel/armv8_deprecated.o
  CC      fs/select.o
  CC      mm/mmzone.o
  CC      mm/vmstat.o
  CC      arch/arm64/kernel/kaslr.o
  CC      kernel/workqueue.o
  CC      arch/arm64/kernel/probes/kprobes.o
In file included from /home/runner/work/Void-Kernal-/Void-Kernal-/kernel/kernel/workqueue.c:52:
/home/runner/work/Void-Kernal-/Void-Kernal-/kernel/include/linux/nmi.h:111:49: warning: omitting the parameter name in a function definition is a C2x extension [-Wc2x-extensions]
static inline void sl_softirq_entry(const char *, void *) { }
                                                ^
/home/runner/work/Void-Kernal-/Void-Kernal-/kernel/include/linux/nmi.h:111:57: warning: omitting the parameter name in a function definition is a C2x extension [-Wc2x-extensions]
static inline void sl_softirq_entry(const char *, void *) { }
                                                        ^
  CC      mm/backing-dev.o
  CC      arch/arm64/kernel/probes/decode-insn.o
  CC      fs/dcache.o
  AS      arch/arm64/kernel/probes/kprobes_trampoline.o
  CC      arch/arm64/kernel/probes/simulate-insn.o
2 warnings generated.
  AR      arch/arm64/kernel/probes/built-in.o
  OBJCOPY arch/arm64/kernel/vdso/vdso.so
  AS      arch/arm64/kernel/vdso/vdso.o
  AR      arch/arm64/kernel/vdso/built-in.o
  CC      kernel/pid.o
  CC      mm/mm_init.o
  OBJCOPY arch/arm64/kernel/vdso32/vdso.so
  AS      arch/arm64/kernel/vdso32/vdso.o
  AR      arch/arm64/kernel/vdso32/built-in.o
  AS      arch/arm64/kernel/head.o
  CC      fs/inode.o
  LDS     arch/arm64/kernel/vmlinux.lds
  OBJCOPY arch/arm64/kernel/efi-entry.stub.o
  CC      mm/mmu_context.o
  AR      arch/arm64/kernel/built-in.o
  AR      ipc/built-in.o
  CC      kernel/task_work.o
  CC      security/integrity/iint.o
  CC      mm/percpu.o
  CC      kernel/extable.o
  CC      security/integrity/integrity_audit.o
  CC      security/integrity/digsig.o
  CC      fs/attr.o
  CC      kernel/params.o
  CC      security/integrity/digsig_asymmetric.o
  CC      mm/slab_common.o
  AR      security/integrity/integrity.o
  AR      security/integrity/built-in.o
  CC      security/keys/gc.o
  CC      fs/bad_inode.o
  CC      kernel/kthread.o
  CC      security/keys/key.o
  CC      fs/file.o
  CC      mm/compaction.o
  CC      kernel/sys_ni.o
  CC      security/keys/keyring.o
  CC      kernel/nsproxy.o
  CC      fs/filesystems.o
  CC      mm/vmacache.o
  CC      kernel/notifier.o
  CC      security/keys/keyctl.o
  CC      mm/interval_tree.o
  CC      fs/namespace.o
  CC      mm/list_lru.o
  CC      security/keys/permission.o
  CC      kernel/ksysfs.o
  CC      kernel/cred.o
  CC      security/keys/process_keys.o
  CC      mm/workingset.o
  CC      security/keys/request_key.o
  CC      fs/seq_file.o
  CC      mm/debug.o
  CC      kernel/reboot.o
  CC      security/keys/request_key_auth.o
  CC      fs/xattr.o
  CC      security/keys/user_defined.o
  CC      mm/gup.o
  CC      kernel/async.o
  CC      security/keys/compat.o
  CC      kernel/range.o
  CC      kernel/smpboot.o
  CC      fs/libfs.o
  CC      security/keys/proc.o
  CC      mm/highmem.o
  CC      kernel/ucount.o
  CC      security/keys/sysctl.o
  AR      security/keys/built-in.o
mm/.tmp_highmem.o: no symbols
  CC      mm/memory.o
  CC      kernel/groups.o
  CC      fs/fs-writeback.o
  CC      security/mstdrv/mstdrv.o
  AR      security/mstdrv/built-in.o
  CC      security/sdp/dek_aes.o
  CC      kernel/bpf/core.o
  CC      fs/pnode.o
  CC      security/sdp/sdp_mm.o
  CC      fs/splice.o
  CC      mm/mincore.o
  CC      security/sdp/pub_crypto_emul.o
  CC      mm/mlock.o
  CC      kernel/bpf/syscall.o
  CC      fs/sync.o
  CC      security/sdp/dek_sysfs.o
  CC      security/sdp/cache_cleanup.o
  CC      mm/mmap.o
  CC      security/sdp/kek_pack.o
  CC      fs/utimes.o
  CC      security/sdp/fs_handler.o
  CC      kernel/bpf/verifier.o
  CC      fs/stack.o
  CC      security/sdp/dek.o
  CC      fs/fs_struct.o
  CC      mm/mprotect.o
  CC      fs/statfs.o
  CC      mm/mremap.o
  AR      security/sdp/built-in.o
  GEN     security/selinux/flask.h security/selinux/av_permissions.h
  CC      security/selinux/avc.o
  CC      mm/msync.o
  CC      fs/fs_pin.o
  CC      fs/nsfs.o
  CC      mm/rmap.o
  CC      security/selinux/hooks.o
  CC      kernel/bpf/inode.o
  CC      fs/buffer.o
  CC      mm/vmalloc.o
  CC      kernel/bpf/helpers.o
  CC      security/selinux/selinuxfs.o
  CC      fs/block_dev.o
  CC      kernel/bpf/tnum.o
  CC      kernel/bpf/hashtab.o
  CC      mm/pagewalk.o
  CC      security/selinux/netlink.o
  CC      fs/direct-io.o
  CC      mm/pgtable-generic.o
  CC      kernel/bpf/arraymap.o
  CC      security/selinux/nlmsgtab.o
  CC      mm/mm_event.o
  CC      security/selinux/netif.o
  CC      mm/process_vm_access.o
  CC      kernel/bpf/percpu_freelist.o
  CC      kernel/bpf/bpf_lru_list.o
  CC      mm/showmem_extra.o
  CC      kernel/bpf/lpm_trie.o
  CC      fs/mpage.o
  CC      security/selinux/netnode.o
  CC      mm/sec_mm/sec_mm_init.o
  CC      mm/sec_mm/lowfile_detect.o
  CC      security/selinux/netport.o
  CC      kernel/bpf/map_in_map.o
  CC      fs/proc_namespace.o
  CC      mm/sec_mm/panic_handler.o
  CC      kernel/bpf/local_storage.o
  CC      mm/sec_mm/show_mem.o
  CC      fs/dlog_hook.o
  CC      security/selinux/exports.o
  AR      mm/sec_mm/sec_mm.o
  AR      mm/sec_mm/built-in.o
  CC      mm/init-mm.o
  CC      fs/cifs/cifsfs.o
  CC      kernel/bpf/queue_stack_maps.o
  CC      mm/nobootmem.o
  CC      security/selinux/ss/ebitmap.o
  CC      kernel/bpf/ringbuf.o
  CC      mm/fadvise.o
  CC      fs/cifs/cifssmb.o
  CC      security/selinux/ss/hashtab.o
  CC      kernel/bpf/disasm.o
  CC      security/selinux/ss/symtab.o
  CC      kernel/bpf/btf.o
  CC      security/selinux/ss/sidtab.o
  CC      mm/madvise.o
  CC      security/selinux/ss/avtab.o
  CC      mm/memblock.o
  CC      kernel/bpf/devmap.o
  CC      fs/cifs/cifs_debug.o
  CC      mm/page_io.o
  CC      security/selinux/ss/policydb.o
  CC      kernel/bpf/cpumap.o
  CC      fs/cifs/connect.o
  CC      mm/swap_state.o
  CC      security/selinux/ss/services.o
  CC      kernel/bpf/offload.o
  CC      mm/swapfile.o
  CC      fs/cifs/dir.o
  CC      security/selinux/ss/conditional.o
  CC      mm/dmapool.o
  CC      kernel/bpf/stackmap.o
  CC      fs/cifs/file.o
  CC      security/selinux/ss/mls.o
  CC      mm/sparse.o
  CC      kernel/bpf/cgroup.o
  CC      security/selinux/ss/status.o
  CC      mm/sparse-vmemmap.o
  CC      fs/cifs/inode.o
  CC      mm/slub.o
  AR      security/selinux/selinux.o
  AR      security/selinux/built-in.o
  CC      security/commoncap.o
  CC      kernel/bpf/reuseport_array.o
  CC      security/min_addr.o
  CC      fs/cifs/link.o
  AR      kernel/bpf/built-in.o
  CC      security/security.o
  CC      kernel/cgroup/cgroup.o
  CC      fs/cifs/misc.o
  CC      mm/migrate.o
  CC      security/lsm_audit.o
  CC      fs/cifs/netmisc.o
  CC      mm/page_counter.o
  CC      mm/memcontrol.o
  CC      fs/cifs/smbencrypt.o
  CC      security/device_cgroup.o
  CC      kernel/cgroup/namespace.o
  AR      security/built-in.o
  CC      kernel/cgroup/cgroup-v1.o
  CC      fs/cifs/transport.o
  CC      crypto/api.o
  CC      kernel/cgroup/freezer.o
  CC      fs/cifs/asn1.o
  CC      crypto/cipher.o
  CC      kernel/cgroup/legacy_freezer.o
  CC      mm/vmpressure.o
  CC      kernel/cgroup/pids.o
  CC      crypto/compress.o
  CC      fs/cifs/cifs_unicode.o
  CC      mm/swap_cgroup.o
  CC      kernel/cgroup/cpuset.o
  CC      crypto/memneq.o
  CC      mm/cleancache.o
  CC      fs/cifs/nterr.o
  CC      fs/cifs/cifsencrypt.o
  CC      crypto/crypto_wq.o
  CC      mm/page_isolation.o
  CC      kernel/cgroup/debug.o
  CC      mm/zsmalloc.o
  CC      crypto/algapi.o
  AR      kernel/cgroup/built-in.o
  CC      kernel/events/core.o
  CC      fs/cifs/readdir.o
  CC      mm/early_ioremap.o
  CC      fs/cifs/ioctl.o
  CC      mm/cma.o
  CC      crypto/scatterwalk.o
  CC      mm/hpa.o
  CC      fs/cifs/sess.o
  CC      crypto/proc.o
  CC      mm/frame_vector.o
  CC      fs/cifs/export.o
  CC      crypto/aead.o
  CC      kernel/events/ring_buffer.o
  CC      mm/usercopy.o
fs/cifs/.tmp_export.o: no symbols
  CC      fs/cifs/smb1ops.o
  CC      kernel/events/callchain.o
  AR      mm/built-in.o
  CC      block/bio.o
  CC      crypto/ablkcipher.o
  CC      kernel/events/hw_breakpoint.o
  CC      fs/cifs/winucase.o
  CC      fs/cifs/xattr.o
  AR      kernel/events/built-in.o
  CC      kernel/irq/irqdesc.o
  CC      crypto/blkcipher.o
  CC      block/elevator.o
  CC      fs/cifs/cifsacl.o
  CC      kernel/irq/handle.o
  AR      fs/cifs/cifs.o
  CC      crypto/skcipher.o
  AR      fs/cifs/built-in.o
  CC      block/blk-core.o
  CC      fs/configfs/inode.o
  CC      kernel/irq/manage.o
  CC      fs/configfs/file.o
  CC      fs/configfs/dir.o
  CC      kernel/irq/spurious.o
  CC      crypto/seqiv.o
  CC      kernel/irq/resend.o
  CC      block/blk-tag.o
  CC      fs/configfs/symlink.o
  CC      crypto/echainiv.o
  CC      kernel/irq/chip.o
  CC      fs/configfs/mount.o
  CC      crypto/ahash.o
  CC      block/blk-sysfs.o
  CC      fs/configfs/item.o
  CC      kernel/irq/dummychip.o
  CC      block/blk-flush.o
  AR      fs/configfs/configfs.o
  AR      fs/configfs/built-in.o
  CC      fs/crypto/crypto.o
  CC      kernel/irq/devres.o
  CC      crypto/shash.o
  CC      kernel/irq/generic-chip.o
  CC      block/blk-settings.o
  CC      fs/crypto/fname.o
  CC      kernel/irq/autoprobe.o
  CC      crypto/algboss.o
  CC      block/blk-ioc.o
  CC      fs/crypto/hooks.o
  CC      kernel/irq/irqdomain.o
  CC      crypto/testmgr.o
  CC      fs/crypto/keyinfo.o
  CC      block/blk-map.o
  CC      kernel/irq/proc.o
  CC      block/blk-exec.o
  CC      kernel/irq/cpuhotplug.o
  CC      fs/crypto/policy.o
  CC      kernel/irq/pm.o
  CC      block/blk-merge.o
  CC      fs/crypto/bio.o
  CC      kernel/irq/msi.o
  CC      crypto/hmac.o
  CC      fs/crypto/sdp/sdp_cache.o
  CC      block/blk-softirq.o
  CC      crypto/sha1_generic.o
  CC      kernel/irq/affinity.o
  CC      fs/crypto/sdp/sdp_dek.o
  AR      kernel/irq/built-in.o
  CC      block/blk-timeout.o
  AR      kernel/livepatch/built-in.o
  CC      kernel/locking/mutex.o
  CC      crypto/sha256_generic.o
  CC      fs/crypto/sdp/sdp_ioctl.o
  CC      kernel/locking/semaphore.o
  CC      block/blk-lib.o
  CC      fs/crypto/sdp/sdp_name.o
  CC      kernel/locking/rwsem.o
  CC      fs/crypto/sdp/sdp_xattr.o
  CC      block/blk-mq-tag.o
  CC      crypto/sha512_generic.o
  CC      kernel/locking/percpu-rwsem.o
  CC      fs/crypto/sdp/sdp_crypto.o
  CC      kernel/locking/spinlock.o
  AR      fs/crypto/fscrypto.o
  CC      block/blk-mq-cpumap.o
  AR      fs/crypto/built-in.o
  CC      kernel/locking/osq_lock.o
  CC      crypto/ecb.o
  CC      fs/debugfs/inode.o
  CC      kernel/locking/rtmutex.o
  CC      block/ioctl.o
  CC      crypto/cbc.o
  CC      kernel/locking/rwsem-xadd.o
  CC      fs/debugfs/file.o
  CC      crypto/ctr.o
  CC      block/genhd.o
  AR      kernel/locking/built-in.o
  CC      kernel/power/qos.o
  AR      fs/debugfs/debugfs.o
  AR      fs/debugfs/built-in.o
  CC      crypto/gcm.o
  CC      fs/devpts/inode.o
  AR      fs/devpts/devpts.o
  CC      kernel/power/main.o
  AR      fs/devpts/built-in.o
  CC      block/scsi_ioctl.o
  CC      fs/ecryptfs/dentry.o
  CC      crypto/aes_generic.o
  CC      fs/ecryptfs/file.o
  CC      kernel/power/process.o
  CC      block/partition-generic.o
  CC      fs/ecryptfs/inode.o
  CC      crypto/authenc.o
  CC      kernel/power/suspend.o
  CC      fs/ecryptfs/main.o
  CC      block/ioprio.o
  CC      kernel/power/wakelock.o
  CC      fs/ecryptfs/super.o
  CC      crypto/authencesn.o
  CC      kernel/power/poweroff.o
  CC      kernel/power/wakeup_reason.o
  CC      fs/ecryptfs/mmap.o
  CC      block/badblocks.o
  AR      kernel/power/built-in.o
  CC      kernel/printk/printk.o
  CC      crypto/rng.o
  CC      fs/ecryptfs/read_write.o
  CC      block/partitions/check.o
In file included from /home/runner/work/Void-Kernal-/Void-Kernal-/kernel/kernel/printk/printk.c:26:
/home/runner/work/Void-Kernal-/Void-Kernal-/kernel/include/linux/nmi.h:111:49: warning: omitting the parameter name in a function definition is a C2x extension [-Wc2x-extensions]
static inline void sl_softirq_entry(const char *, void *) { }
                                                ^
/home/runner/work/Void-Kernal-/Void-Kernal-/kernel/include/linux/nmi.h:111:57: warning: omitting the parameter name in a function definition is a C2x extension [-Wc2x-extensions]
static inline void sl_softirq_entry(const char *, void *) { }
                                                        ^
  CC      fs/ecryptfs/crypto.o
  CC      block/partitions/msdos.o
2 warnings generated.
  CC      crypto/drbg.o
  AR      kernel/printk/built-in.o
  CC      block/partitions/efi.o
  CC      kernel/rcu/update.o
  CC      fs/ecryptfs/keystore.o
  CC      crypto/jitterentropy.o
  AR      block/partitions/built-in.o
  CC      block/blk-exynos-mq.o
  CC      crypto/jitterentropy-kcapi.o
  CC      kernel/rcu/sync.o
  CC      kernel/rcu/srcu.o
  CC      fs/ecryptfs/kthread.o
  CC      crypto/tcrypt.o
  CC      kernel/rcu/tree.o
  CC      fs/ecryptfs/debug.o
In file included from /home/runner/work/Void-Kernal-/Void-Kernal-/kernel/kernel/rcu/tree.c:38:
/home/runner/work/Void-Kernal-/Void-Kernal-/kernel/include/linux/nmi.h:111:49: warning: omitting the parameter name in a function definition is a C2x extension [-Wc2x-extensions]
static inline void sl_softirq_entry(const char *, void *) { }
                                                ^
/home/runner/work/Void-Kernal-/Void-Kernal-/kernel/include/linux/nmi.h:111:57: warning: omitting the parameter name in a function definition is a C2x extension [-Wc2x-extensions]
static inline void sl_softirq_entry(const char *, void *) { }
                                                        ^
  CC      block/blk-exynos-mq-sysfs.o
  AR      fs/ecryptfs/ecryptfs.o
  AR      fs/ecryptfs/built-in.o
  CC      fs/erofs/super.o
  CC      crypto/ghash-generic.o
  CC      fs/erofs/inode.o
  CC      block/blk-cgroup.o
2 warnings generated.
  CC      crypto/akcipher.o
  CC      fs/erofs/data.o
  AR      kernel/rcu/built-in.o
  CC      kernel/sched/core.o
  CC      fs/erofs/namei.o
In file included from /home/runner/work/Void-Kernal-/Void-Kernal-/kernel/kernel/sched/core.c:32:
/home/runner/work/Void-Kernal-/Void-Kernal-/kernel/include/linux/nmi.h:111:49: warning: omitting the parameter name in a function definition is a C2x extension [-Wc2x-extensions]
static inline void sl_softirq_entry(const char *, void *) { }
                                                ^
/home/runner/work/Void-Kernal-/Void-Kernal-/kernel/include/linux/nmi.h:111:57: warning: omitting the parameter name in a function definition is a C2x extension [-Wc2x-extensions]
static inline void sl_softirq_entry(const char *, void *) { }
                                                        ^
  CC      crypto/kpp.o
  CC      block/noop-iosched.o
  CC      fs/erofs/dir.o
  CC      block/cfq-iosched.o
  CC      fs/erofs/utils.o
  ASN.1   crypto/rsapubkey-asn1.c
  ASN.1   crypto/rsaprivkey-asn1.c
  CC      crypto/rsa.o
  CC      fs/erofs/pcpubuf.o
  CC      crypto/rsa_helper.o
2 warnings generated.
  CC      fs/erofs/xattr.o
  CC      crypto/rsa-pkcs1pad.o
  CC      block/bfq-iosched.o
  CC      fs/erofs/decompressor.o
  CC      kernel/sched/fair.o
  CC      crypto/acompress.o
  CC      fs/erofs/zmap.o
  CC      fs/erofs/zdata.o
  CC      crypto/scompress.o
  CC      block/compat_ioctl.o
  AR      fs/erofs/erofs.o
  AR      fs/erofs/built-in.o
  AR      fs/exofs/built-in.o
  CC      fs/exportfs/expfs.o
  CC      block/blk-mq-pci.o
  CC      crypto/cmac.o
  AR      fs/exportfs/exportfs.o
  CC      kernel/sched/loadavg.o
  AR      fs/exportfs/built-in.o
  CC      fs/ext2/balloc.o
  CC      crypto/crypto_null.o
  AR      block/built-in.o
  CC      fs/ext2/dir.o
  CC      kernel/sched/clock.o
  CC      kernel/sched/cputime.o
  CC      crypto/md4.o
  CC      fs/ext2/file.o
  CC      drivers/amba/bus.o
  CC      fs/ext2/ialloc.o
  CC      crypto/md5.o
  AR      drivers/amba/built-in.o
  CC      kernel/sched/idle_task.o
  CC      drivers/android/binder.o
  CC      fs/ext2/inode.o
  CC      kernel/sched/rt.o
  CC      crypto/gf128mul.o
  CC      fs/ext2/ioctl.o
  CC      kernel/sched/deadline.o
  CC      fs/ext2/namei.o
  CC      crypto/cts.o
  CC      drivers/android/binder_alloc.o
  CC      fs/ext2/super.o
  CC      kernel/sched/stop_task.o
  CC      crypto/xts.o
  AR      drivers/android/built-in.o
  AR      drivers/auxdisplay/built-in.o
  CC      kernel/sched/wait.o
  CC      drivers/base/component.o
  CC      fs/ext2/symlink.o
  CC      fs/ext2/xattr.o
  CC      crypto/ccm.o
  CC      drivers/base/core.o
  CC      kernel/sched/swait.o
  CC      fs/ext2/xattr_user.o
  CC      kernel/sched/completion.o
  CC      fs/ext2/xattr_trusted.o
  CC      crypto/cryptd.o
  CC      fs/ext2/xattr_security.o
  CC      kernel/sched/idle.o
  AR      fs/ext2/ext2.o
  AR      fs/ext2/built-in.o
  CC      drivers/base/bus.o
  CC      fs/ext4/balloc.o
  CC      kernel/sched/cpupri.o
  CC      kernel/sched/cpudeadline.o
  CC      crypto/des_generic.o
  CC      drivers/base/dd.o
  CC      fs/ext4/bitmap.o
  CC      kernel/sched/energy.o
  CC      kernel/sched/ehmp.o
  CC      fs/ext4/dir.o
  CC      drivers/base/syscore.o
  CC      crypto/twofish_generic.o
  CC      fs/ext4/file.o
  CC      crypto/twofish_common.o
  CC      kernel/sched/tune.o
  CC      drivers/base/driver.o
  CC      fs/ext4/fsync.o
  CC      kernel/sched/cpuacct.o
  CC      crypto/arc4.o
  CC      drivers/base/class.o
  CC      fs/ext4/ialloc.o
  CC      kernel/sched/cpufreq.o
  CC      crypto/deflate.o
  CC      drivers/base/platform.o
  CC      crypto/crc32c_generic.o
  CC      kernel/sched/cpufreq_schedutil.o
  CC      fs/ext4/inode.o
  CC      crypto/crc32_generic.o
  CC      kernel/sched/freqvar_tune.o
  CC      drivers/base/cpu.o
  CC      crypto/lzo.o
  CC      kernel/sched/psi.o
  CC      drivers/base/firmware.o
  CC      crypto/lzo-rle.o
  CC      fs/ext4/page-io.o
  CC      crypto/lz4.o
  CC      drivers/base/init.o
  AR      kernel/sched/built-in.o
  CC      kernel/time/time.o
  CC      crypto/diskcipher.o
  CC      drivers/base/map.o
  CC      fs/ext4/ioctl.o
  CC      drivers/base/devres.o
  CC      fs/ext4/namei.o
  CC      kernel/time/timer.o
  CC      crypto/asymmetric_keys/asymmetric_type.o
  CC      drivers/base/attribute_container.o
  CC      crypto/asymmetric_keys/restrict.o
  CC      crypto/asymmetric_keys/signature.o
  CC      drivers/base/transport_class.o
  CC      fs/ext4/super.o
  CC      kernel/time/hrtimer.o
  CC      crypto/asymmetric_keys/public_key.o
  CC      drivers/base/topology.o
  CC      drivers/base/container.o
  ASN.1   crypto/asymmetric_keys/x509-asn1.c
  ASN.1   crypto/asymmetric_keys/x509_akid-asn1.c
  CC      crypto/asymmetric_keys/x509_public_key.o
  CC      kernel/time/itimer.o
  CC      drivers/base/property.o
  AR      crypto/asymmetric_keys/asymmetric_keys.o
  CC      crypto/asymmetric_keys/x509-asn1.o
  CC      fs/ext4/symlink.o
  CC      crypto/asymmetric_keys/x509_akid-asn1.o
  CC      crypto/asymmetric_keys/x509_cert_parser.o
  CC      kernel/time/posix-timers.o
  CC      fs/ext4/hash.o
  AR      crypto/asymmetric_keys/x509_key_parser.o
  AR      crypto/asymmetric_keys/built-in.o
  CC      crypto/hash_info.o
  CC      crypto/ablk_helper.o
  CC      drivers/base/cacheinfo.o
  CC      fs/ext4/resize.o
  CC      kernel/time/posix-cpu-timers.o
  CC      drivers/base/dma-contiguous.o
  AR      crypto/crypto.o
  AR      crypto/crypto_algapi.o
  AR      crypto/crypto_blkcipher.o
  AR      crypto/crypto_hash.o
  AR      crypto/cryptomgr.o
  CC      kernel/time/timekeeping.o
  AR      crypto/jitterentropy_rng.o
  CC      crypto/rsapubkey-asn1.o
  CC      crypto/rsaprivkey-asn1.o
  AR      crypto/rsa_generic.o
  AR      crypto/built-in.o
  CC      drivers/base/power/sysfs.o
  CC      fs/ext4/extents.o
  CC      drivers/battery_v2/sec_battery.o
  CC      drivers/base/power/generic_ops.o
  CC      kernel/time/ntp.o
  CC      kernel/time/clocksource.o
  CC      drivers/base/power/common.o
  CC      drivers/battery_v2/sec_battery_sysfs.o
  CC      fs/ext4/ext4_jbd2.o
  CC      kernel/time/jiffies.o
  CC      drivers/base/power/qos.o
  CC      fs/ext4/migrate.o
  CC      drivers/battery_v2/sec_battery_dt.o
  CC      kernel/time/timer_list.o
In file included from /home/runner/work/Void-Kernal-/Void-Kernal-/kernel/kernel/time/timer_list.c:19:
/home/runner/work/Void-Kernal-/Void-Kernal-/kernel/include/linux/nmi.h:111:49: warning: omitting the parameter name in a function definition is a C2x extension [-Wc2x-extensions]
static inline void sl_softirq_entry(const char *, void *) { }
                                                ^
/home/runner/work/Void-Kernal-/Void-Kernal-/kernel/include/linux/nmi.h:111:57: warning: omitting the parameter name in a function definition is a C2x extension [-Wc2x-extensions]
static inline void sl_softirq_entry(const char *, void *) { }
                                                        ^
2 warnings generated.
  CC      kernel/time/timeconv.o
  CC      fs/ext4/mballoc.o
  CC      drivers/base/power/runtime.o
  CC      drivers/battery_v2/sec_adc.o
  CC      kernel/time/timecounter.o
  CC      kernel/time/posix-clock.o
  CC      drivers/battery_v2/sec_cisd.o
  CC      drivers/base/power/wakeirq.o
  CC      drivers/battery_v2/battery_notifier.o
  CC      kernel/time/alarmtimer.o
  CC      drivers/base/power/main.o
  CC      fs/ext4/block_validity.o
  CC      drivers/battery_v2/max77705_fuelgauge.o
  CC      kernel/time/clockevents.o
  CC      fs/ext4/move_extent.o
  CC      drivers/battery_v2/max77705_charger.o
  CC      drivers/base/power/wakeup.o
  CC      kernel/time/tick-common.o
  CC      fs/ext4/mmp.o
  CC      drivers/battery_v2/mfc_charger.o
  CC      fs/ext4/indirect.o
  CC      kernel/time/tick-broadcast.o
  CC      drivers/base/power/opp/core.o
  CC      fs/ext4/extents_status.o
  AR      drivers/battery_v2/built-in.o
  CC      kernel/time/tick-broadcast-hrtimer.o
  CC      drivers/block/brd.o
  CC      drivers/base/power/opp/cpu.o
  CC      kernel/time/sched_clock.o
  CC      fs/ext4/xattr.o
  CC      drivers/block/loop.o
  CC      kernel/time/tick-oneshot.o
  CC      drivers/base/power/opp/of.o
  CC      kernel/time/tick-sched.o
  CC      drivers/base/power/opp/debugfs.o
  CC      fs/ext4/xattr_user.o
  AR      drivers/base/power/opp/built-in.o
  CC      drivers/base/power/domain.o
  CC      kernel/time/timer_stats.o
  CC      fs/ext4/xattr_trusted.o
  CC      drivers/block/zram/zcomp.o
  CC      kernel/time/timekeeping_debug.o
  CC      drivers/block/zram/zram_drv.o
  CC      fs/ext4/inline.o
  AR      kernel/time/built-in.o
  CC      kernel/freezer.o
  CC      drivers/base/power/domain_governor.o
  CC      drivers/base/power/clock_ops.o
  CC      fs/ext4/readpage.o
  CC      kernel/stacktrace.o
  AR      drivers/block/zram/zram.o
  AR      drivers/block/zram/built-in.o
  AR      drivers/block/built-in.o
  CC      fs/f2fs/dir.o
  CC      kernel/futex.o
  AR      drivers/base/power/built-in.o
  CC      fs/ext4/sysfs.o
  CC      drivers/base/regmap/regmap.o
  CC      fs/f2fs/file.o
  CC      fs/ext4/acl.o
  CC      kernel/smp.o
  CC      fs/ext4/xattr_security.o
  CC      drivers/base/regmap/regcache.o
  AR      fs/ext4/ext4.o
  CC      kernel/uid16.o
  AR      fs/ext4/built-in.o
  CC      fs/f2fs/inode.o
  CC      drivers/base/regmap/regcache-rbtree.o
  CC      fs/fat/cache.o
  CC      kernel/module.o
  CC      drivers/base/regmap/regcache-lzo.o
  CC      fs/fat/dir.o
  CC      fs/f2fs/namei.o
  CC      drivers/base/regmap/regcache-flat.o
  CC      drivers/base/regmap/regmap-debugfs.o
  CC      fs/fat/fatent.o
  CC      fs/f2fs/hash.o
  CC      drivers/base/regmap/regmap-i2c.o
  CC      kernel/kallsyms.o
  CC      fs/f2fs/super.o
  CC      drivers/base/regmap/regmap-spi.o
  CC      fs/fat/file.o
  CC      drivers/base/regmap/regmap-mmio.o
  CC      kernel/compat.o
  CC      fs/f2fs/inline.o
  CC      fs/fat/inode.o
  CC      drivers/base/regmap/regmap-irq.o
  CC      fs/f2fs/checkpoint.o
  CC      fs/fat/misc.o
  CC      kernel/utsname.o
  AR      drivers/base/regmap/built-in.o
  CC      drivers/base/dma-mapping.o
  CC      kernel/user_namespace.o
  CC      fs/fat/nfs.o
  CC      fs/f2fs/gc.o
  CC      drivers/base/dma-coherent.o
  CC      kernel/pid_namespace.o
  CC      fs/fat/xattr.o
  CC      fs/fat/namei_vfat.o
  CC      drivers/base/firmware_class.o
  GZIP    kernel/config_data.gz
  CC      kernel/stop_machine.o
  CC      fs/f2fs/data.o
In file included from /home/runner/work/Void-Kernal-/Void-Kernal-/kernel/kernel/stop_machine.c:23:
/home/runner/work/Void-Kernal-/Void-Kernal-/kernel/include/linux/nmi.h:111:49: warning: omitting the parameter name in a function definition is a C2x extension [-Wc2x-extensions]
static inline void sl_softirq_entry(const char *, void *) { }
                                                ^
/home/runner/work/Void-Kernal-/Void-Kernal-/kernel/include/linux/nmi.h:111:57: warning: omitting the parameter name in a function definition is a C2x extension [-Wc2x-extensions]
static inline void sl_softirq_entry(const char *, void *) { }
                                                        ^
  CC      fs/fat/namei_msdos.o
2 warnings generated.
  CC      kernel/audit.o
  CC      drivers/base/module.o
  AR      fs/fat/fat.o
  AR      fs/fat/vfat.o
  AR      fs/fat/msdos.o
  AR      fs/fat/built-in.o
  CC      fs/fuse/dev.o
  CC      drivers/base/soc.o
  CC      fs/f2fs/node.o
  CC      drivers/base/pinctrl.o
  CC      drivers/base/platform-msi.o
  CC      kernel/auditfilter.o
  CC      fs/fuse/dir.o
  CC      drivers/base/arch_topology.o
  CC      fs/f2fs/segment.o
  AR      drivers/base/built-in.o
  CC      kernel/auditsc.o
  CC      drivers/bluetooth/bcm43xx.o
  CC      fs/fuse/file.o
  AR      drivers/bluetooth/built-in.o
  CC      drivers/bts/cal_bts9810.o
  CC      drivers/bts/bts-exynos9810.o
  CC      kernel/audit_watch.o
  CC      fs/fuse/inode.o
  CC      fs/f2fs/recovery.o
  AR      drivers/bts/built-in.o
  AR      drivers/bus/built-in.o
  CC      drivers/ccic/ccic_notifier.o
  CC      kernel/audit_fsnotify.o
  CC      drivers/ccic/ccic_sysfs.o
  CC      kernel/audit_tree.o
  CC      drivers/ccic/ccic_core.o
  CC      fs/fuse/control.o
  CC      fs/f2fs/shrinker.o
  CC      drivers/ccic/ccic_misc.o
  CC      fs/fuse/xattr.o
  CC      fs/f2fs/extent_cache.o
  CC      kernel/kprobes.o
  CC      drivers/ccic/ccic_alternate.o
  CC      fs/fuse/acl.o
  CC      fs/f2fs/sysfs.o
  CC      drivers/ccic/s2mm005_fw.o
  CC      fs/fuse/passthrough.o
  CC      kernel/hung_task.o
  CC      fs/f2fs/debug.o
In file included from /home/runner/work/Void-Kernal-/Void-Kernal-/kernel/kernel/hung_task.c:10:
/home/runner/work/Void-Kernal-/Void-Kernal-/kernel/include/linux/nmi.h:111:49: warning: omitting the parameter name in a function definition is a C2x extension [-Wc2x-extensions]
static inline void sl_softirq_entry(const char *, void *) { }
                                                ^
/home/runner/work/Void-Kernal-/Void-Kernal-/kernel/include/linux/nmi.h:111:57: warning: omitting the parameter name in a function definition is a C2x extension [-Wc2x-extensions]
static inline void sl_softirq_entry(const char *, void *) { }
                                                        ^
  AR      fs/fuse/fuse.o
  AR      fs/fuse/built-in.o
2 warnings generated.
  CC      sound/sound_core.o
  CC      drivers/ccic/s2mm005_cc.o
  CC      kernel/watchdog.o
  CC      fs/f2fs/xattr.o
In file included from /home/runner/work/Void-Kernal-/Void-Kernal-/kernel/kernel/watchdog.c:16:
/home/runner/work/Void-Kernal-/Void-Kernal-/kernel/include/linux/nmi.h:111:49: warning: omitting the parameter name in a function definition is a C2x extension [-Wc2x-extensions]
static inline void sl_softirq_entry(const char *, void *) { }
                                                ^
/home/runner/work/Void-Kernal-/Void-Kernal-/kernel/include/linux/nmi.h:111:57: warning: omitting the parameter name in a function definition is a C2x extension [-Wc2x-extensions]
static inline void sl_softirq_entry(const char *, void *) { }
                                                        ^
  CC      drivers/ccic/s2mm005_pd.o
2 warnings generated.
  AR      sound/arm/built-in.o
  AR      sound/atmel/built-in.o
  CC      sound/core/sound.o
  CC      kernel/seccomp.o
  CC      drivers/ccic/sec_pd.o
  CC      fs/f2fs/acl.o
  CC      drivers/ccic/s2mm005.o
  CC      sound/core/init.o
  AR      fs/f2fs/f2fs.o
  CC      drivers/ccic/max77705_cc.o
  CC      kernel/utsname_sysctl.o
  AR      fs/f2fs/built-in.o
  CC      fs/jbd2/transaction.o
  CC      kernel/delayacct.o
  CC      drivers/ccic/max77705_pd.o
  CC      sound/core/memory.o
  CC      kernel/taskstats.o
  CC      sound/core/control.o
  CC      drivers/ccic/max77705_usbc.o
  CC      fs/jbd2/commit.o
  CC      kernel/tsacct.o
  CC      kernel/irq_work.o
  CC      fs/jbd2/recovery.o
  CC      sound/core/misc.o
  CC      kernel/cpu_pm.o
  CC      drivers/ccic/max77705_alternate.o
  CC      fs/jbd2/checkpoint.o
  CC      kernel/membarrier.o
  CC      sound/core/device.o
  AR      drivers/ccic/built-in.o
  AR      drivers/cdrom/built-in.o
  CC      fs/jbd2/revoke.o
  CC      drivers/char/mem.o
  CC      kernel/memremap.o
  CC      sound/core/info.o
  CC      fs/jbd2/journal.o
  CC      drivers/char/random.o
  CHK     kernel/config_data.h
  UPD     kernel/config_data.h
  CC      kernel/configs.o
  CC      sound/core/ctljack.o
  AR      kernel/built-in.o
  CC      fs/kernfs/mount.o
  CC      sound/core/jack.o
  CC      drivers/char/misc.o
  CC      fs/kernfs/inode.o
  AR      fs/jbd2/jbd2.o
  AR      fs/jbd2/built-in.o
  CC      sound/core/hwdep.o
  AR      sound/drivers/mpu401/built-in.o
  AR      sound/drivers/opl3/built-in.o
  AR      sound/drivers/opl4/built-in.o
  AR      sound/drivers/pcsp/built-in.o
  CC      fs/kernfs/dir.o
  AR      sound/drivers/vx/built-in.o
  AR      sound/drivers/built-in.o
  AR      drivers/char/agp/built-in.o
  AR      drivers/char/ipmi/built-in.o
  CC      drivers/char/hw_random/core.o
  CC      fs/lockd/clntlock.o
  CC      sound/core/timer.o
  CC      fs/kernfs/file.o
  CC      drivers/char/hw_random/exyswd-rng.o
  CC      drivers/char/hw_random/cavium-rng.o
  CC      fs/lockd/clntproc.o
  CC      sound/core/pcm.o
  CC      fs/kernfs/symlink.o
  CC      drivers/char/hw_random/cavium-rng-vf.o
  AR      fs/kernfs/built-in.o
  AR      drivers/char/hw_random/rng-core.o
  CC      fs/nfs/client.o
  AR      drivers/char/hw_random/built-in.o
  CC      drivers/char/mst_ctrl.o
  CC      sound/core/pcm_native.o
  AR      drivers/char/built-in.o
  CC      fs/lockd/clntxdr.o
  CC      drivers/clk/clk-devres.o
  CC      drivers/clk/clkdev.o
  CC      fs/lockd/host.o
  CC      fs/nfs/dir.o
  CC      sound/core/pcm_lib.o
  CC      drivers/clk/clk.o
  CC      fs/lockd/svc.o
  CC      sound/core/pcm_misc.o
  CC      drivers/clk/clk-divider.o
  CC      sound/core/pcm_memory.o
  CC      fs/nfs/file.o
  CC      fs/lockd/svclock.o
  CC      drivers/clk/clk-fixed-factor.o
  CC      sound/core/memalloc.o
  CC      drivers/clk/clk-fixed-rate.o
  CC      fs/lockd/svcshare.o
  CC      drivers/clk/clk-gate.o
  CC      sound/core/pcm_timer.o
  CC      fs/nfs/getroot.o
  CC      fs/lockd/svcproc.o
  CC      sound/core/pcm_dmaengine.o
  CC      drivers/clk/clk-multiplier.o
  CC      fs/nfs/inode.o
  CC      drivers/clk/clk-mux.o
  CC      fs/lockd/svcsubs.o
  CC      sound/core/rawmidi.o
  CC      drivers/clk/clk-composite.o
  CC      drivers/clk/clk-fractional-divider.o
  CC      sound/core/compress_offload.o
  CC      fs/lockd/mon.o
  CC      drivers/clk/clk-gpio.o
  CC      fs/nfs/super.o
  AR      sound/core/snd.o
  CC      drivers/clk/clk-conf.o
  AR      sound/core/snd-hwdep.o
  AR      sound/core/snd-timer.o
  AR      sound/core/snd-pcm.o
  CC      fs/lockd/xdr.o
  AR      sound/core/snd-pcm-dmaengine.o
  AR      sound/core/snd-rawmidi.o
  AR      sound/core/snd-compress.o
  AR      sound/core/built-in.o
  AR      sound/firewire/built-in.o
  AR      sound/hda/built-in.o
  AR      sound/i2c/other/built-in.o
  AR      sound/i2c/built-in.o
  CC      drivers/clk/clk-xgene.o
  AR      sound/isa/ad1816a/built-in.o
  AR      sound/isa/ad1848/built-in.o
  AR      sound/isa/cs423x/built-in.o
  CC      fs/lockd/clnt4xdr.o
  AR      sound/isa/es1688/built-in.o
  AR      drivers/clk/bcm/built-in.o
  AR      sound/isa/galaxy/built-in.o
  AR      drivers/clk/mvebu/built-in.o
  AR      sound/isa/gus/built-in.o
  CC      fs/nfs/io.o
  CC      drivers/clk/samsung/clk-exynos-audss.o
  AR      sound/isa/msnd/built-in.o
  AR      sound/isa/opti9xx/built-in.o
  AR      sound/isa/sb/built-in.o
  AR      sound/isa/wavefront/built-in.o
  AR      sound/isa/wss/built-in.o
  AR      sound/isa/built-in.o
  AR      sound/mips/built-in.o
  CC      drivers/clk/samsung/composite.o
  AR      sound/parisc/built-in.o
  CC      fs/lockd/xdr4.o
  AR      sound/pci/ac97/built-in.o
  AR      sound/pci/ali5451/built-in.o
  AR      sound/pci/asihpi/built-in.o
  CC      fs/nfs/direct.o
  AR      sound/pci/au88x0/built-in.o
  CC      drivers/clk/samsung/clk-exynos9810.o
  AR      sound/pci/aw2/built-in.o
  AR      sound/pci/ca0106/built-in.o
  AR      sound/pci/cs46xx/built-in.o
  AR      sound/pci/cs5535audio/built-in.o
  AR      sound/pci/ctxfi/built-in.o
  AR      sound/pci/echoaudio/built-in.o
  CC      drivers/clk/samsung/clk-exynos-clkout.o
  CC      fs/lockd/svc4proc.o
  AR      sound/pci/emu10k1/built-in.o
  AR      sound/pci/hda/built-in.o
  AR      sound/pci/ice1712/built-in.o
  AR      sound/pci/korg1212/built-in.o
  AR      sound/pci/lola/built-in.o
  AR      drivers/clk/samsung/built-in.o
  AR      drivers/clk/ti/built-in.o
  AR      sound/pci/lx6464es/built-in.o
  AR      drivers/clk/built-in.o
  AR      sound/pci/mixart/built-in.o
  CC      drivers/clocksource/clksrc-probe.o
  AR      sound/pci/nm256/built-in.o
  AR      sound/pci/oxygen/built-in.o
  AR      sound/pci/pcxhr/built-in.o
  AR      sound/pci/riptide/built-in.o
  AR      sound/pci/rme9652/built-in.o
  CC      fs/lockd/procfs.o
  AR      sound/pci/trident/built-in.o
  CC      drivers/clocksource/exynos_mct.o
  AR      sound/pci/vx222/built-in.o
  AR      sound/pci/ymfpci/built-in.o
  AR      sound/pci/built-in.o
  CC      fs/nfs/pagelist.o
  AR      sound/pcmcia/pdaudiocf/built-in.o
  AR      sound/pcmcia/vx/built-in.o
  AR      sound/pcmcia/built-in.o
  AR      sound/ppc/built-in.o
  AR      fs/lockd/lockd.o
  CC      drivers/clocksource/arm_arch_timer.o
  AR      sound/sh/built-in.o
  AR      fs/lockd/built-in.o
  CC      drivers/cpufreq/cpufreq.o
  CC      sound/soc/soc-core.o
  CC      drivers/clocksource/dummy_timer.o
  AR      drivers/clocksource/built-in.o
  CC      fs/nfs/read.o
  MK_FW   firmware/mfc/mfc_fw_flash.bin.gen.S
  IHEX    firmware/mfc/mfc_fw_flash.bin
  MK_FW   firmware/exynos9810_acpm_tmu.fw.gen.S
  IHEX    firmware/exynos9810_acpm_tmu.fw
  AS      firmware/mfc/mfc_fw_flash.bin.gen.o
  AS      firmware/exynos9810_acpm_tmu.fw.gen.o
  AR      firmware/built-in.o
  CC      drivers/cpufreq/freq_table.o
  AR      sound/sparc/built-in.o
  CC      fs/nfs_common/nfsacl.o
  CC      sound/soc/soc-dapm.o
  CC      drivers/cpufreq/cpufreq_stats.o
  CC      fs/nfs_common/grace.o
  CC      drivers/cpufreq/cpufreq_times.o
  CC      fs/nfs/symlink.o
  CC      drivers/cpufreq/cpufreq_userspace.o
  AR      fs/nfs_common/nfs_acl.o
  CC      sound/soc/soc-jack.o
  AR      fs/nfs_common/built-in.o
  CC      fs/nfsd/trace.o
  CC      drivers/cpufreq/cpufreq_ondemand.o
  CC      fs/nfs/unlink.o
fs/nfsd/.tmp_trace.o: no symbols
  CC      fs/nfsd/nfssvc.o
  CC      sound/soc/soc-cache.o
  CC      drivers/cpufreq/cpufreq_conservative.o
  CC      drivers/cpufreq/cpufreq_governor.o
  CC      fs/nfs/write.o
  CC      sound/soc/soc-utils.o
  CC      fs/nfsd/nfsctl.o
  CC      drivers/cpufreq/cpufreq_governor_attr_set.o
  CC      sound/soc/soc-pcm.o
  CC      drivers/cpufreq/exynos-acme.o
  CC      fs/nfsd/nfsproc.o
  CC      fs/nfsd/nfsfh.o
  CC      fs/nfs/namespace.o
  CC      fs/nfsd/vfs.o
  CC      drivers/cpufreq/exynos-ufc.o
  CC      sound/soc/soc-io.o
  CC      drivers/cpufreq/cpufreq_darkness.o
  CC      fs/nfsd/export.o
  CC      sound/soc/soc-devres.o
  CC      drivers/cpufreq/cpufreq_nightmare.o
  CC      fs/nfs/mount_clnt.o
  CC      drivers/cpufreq/cpufreq_intellidemand.o
  CC      fs/nfsd/auth.o
/home/runner/work/Void-Kernal-/Void-Kernal-/kernel/drivers/cpufreq/cpufreq_intellidemand.c:33:40: warning: unused variable 'dbs_info' [-Wunused-variable]
        struct intellidemand_policy_dbs_info *dbs_info =
                                              ^
1 warning generated.
  CC      drivers/cpufreq/cpufreq_alucard.o
  CC      sound/soc/soc-ops.o
  CC      fs/nfsd/lockd.o
  CC      drivers/cpufreq/cpufreq_blu_active.o
  CC      fs/nfs/nfstrace.o
  CC      fs/nfsd/nfscache.o
  CC      drivers/cpufreq/cpufreq_intelliactive.o
  CC      sound/soc/soc-generic-dmaengine-pcm.o
  CC      drivers/cpufreq/cpufreq_yankactive.o
fs/nfs/.tmp_nfstrace.o: no symbols
  CC      fs/nfs/sysctl.o
  CC      drivers/cpufreq/cpufreq_lionfish.o
  CC      fs/nfsd/nfsxdr.o
  CC      drivers/cpufreq/cpufreq_impulse.o
  CC      sound/soc/soc-compress.o
  CC      fs/nfs/nfs2super.o
  CC      drivers/cpufreq/cpufreq_wave.o
  CC      fs/nfsd/stats.o
/home/runner/work/Void-Kernal-/Void-Kernal-/kernel/drivers/cpufreq/cpufreq_wave.c:55:26: error: no member named 'down_threshold_pct' in 'struct wave_dbs_tuners'
        else if (load < tuners->down_threshold_pct)
                        ~~~~~~  ^
/home/runner/work/Void-Kernal-/Void-Kernal-/kernel/drivers/cpufreq/cpufreq_wave.c:100:50: error: no member named 'down_threshold_pct' in 'struct wave_dbs_tuners'
        if (ret != 1 || input > 100 || input <= tuners->down_threshold_pct)
                                                ~~~~~~  ^
/home/runner/work/Void-Kernal-/Void-Kernal-/kernel/drivers/cpufreq/cpufreq_wave.c:120:10: error: no member named 'down_threshold_pct' in 'struct wave_dbs_tuners'
        tuners->down_threshold_pct = input;
        ~~~~~~  ^
/home/runner/work/Void-Kernal-/Void-Kernal-/kernel/drivers/cpufreq/cpufreq_wave.c:159:20: error: no member named 'down_threshold_pct' in 'struct wave_dbs_tuners'
gov_show_one(wave, down_threshold_pct);
~~~~~~~~~~~~~~~~~~~^~~~~~~~~~~~~~~~~~~
/home/runner/work/Void-Kernal-/Void-Kernal-/kernel/drivers/cpufreq/cpufreq_governor.h:62:38: note: expanded from macro 'gov_show_one'
        return sprintf(buf, "%u\n", tuners->file_name);                 \
                                    ~~~~~~  ^
/home/runner/work/Void-Kernal-/Void-Kernal-/kernel/drivers/cpufreq/cpufreq_wave.c:166:1: error: use of undeclared identifier 'store_down_threshold_pct'; did you mean 'show_down_threshold_pct'?
gov_attr_rw(down_threshold_pct);
^
/home/runner/work/Void-Kernal-/Void-Kernal-/kernel/drivers/cpufreq/cpufreq_governor.h:79:35: note: expanded from macro 'gov_attr_rw'
__ATTR(_name, 0644, show_##_name, store_##_name)
                                  ^
<scratch space>:215:1: note: expanded from here
store_down_threshold_pct
^
/home/runner/work/Void-Kernal-/Void-Kernal-/kernel/drivers/cpufreq/cpufreq_wave.c:159:1: note: 'show_down_threshold_pct' declared here
gov_show_one(wave, down_threshold_pct);
^
/home/runner/work/Void-Kernal-/Void-Kernal-/kernel/drivers/cpufreq/cpufreq_governor.h:57:16: note: expanded from macro 'gov_show_one'
static ssize_t show_##file_name                                         \
               ^
<scratch space>:200:1: note: expanded from here
show_down_threshold_pct
^
/home/runner/work/Void-Kernal-/Void-Kernal-/kernel/drivers/cpufreq/cpufreq_wave.c:166:1: error: incompatible function pointer types initializing 'ssize_t (*)(struct gov_attr_set *, const char *, size_t)' (aka 'long (*)(struct gov_attr_set *, const char *, unsigned long)') with an expression of type 'ssize_t (struct gov_attr_set *, char *)' (aka 'long (struct gov_attr_set *, char *)') [-Werror,-Wincompatible-function-pointer-types]
gov_attr_rw(down_threshold_pct);
^~~~~~~~~~~~~~~~~~~~~~~~~~~~~~~
/home/runner/work/Void-Kernal-/Void-Kernal-/kernel/drivers/cpufreq/cpufreq_governor.h:79:35: note: expanded from macro 'gov_attr_rw'
__ATTR(_name, 0644, show_##_name, store_##_name)
                                  ^~~~~~~~~~~~~
<scratch space>:215:1: note: expanded from here
store_down_threshold_pct
^~~~~~~~~~~~~~~~~~~~~~~~
/home/runner/work/Void-Kernal-/Void-Kernal-/kernel/include/linux/sysfs.h:104:11: note: expanded from macro '\
__ATTR'
        .store  = _store,                                               \
                  ^~~~~~
/home/runner/work/Void-Kernal-/Void-Kernal-/kernel/drivers/cpufreq/cpufreq_wave.c:167:1: error: use of undeclared identifier 'store_wave_step_pct'; did you mean 'show_wave_step_pct'?
gov_attr_rw(wave_step_pct);
^
/home/runner/work/Void-Kernal-/Void-Kernal-/kernel/drivers/cpufreq/cpufreq_governor.h:79:35: note: expanded from macro 'gov_attr_rw'
__ATTR(_name, 0644, show_##_name, store_##_name)
                                  ^
<scratch space>:218:1: note: expanded from here
store_wave_step_pct
^
/home/runner/work/Void-Kernal-/Void-Kernal-/kernel/drivers/cpufreq/cpufreq_wave.c:160:1: note: 'show_wave_step_pct' declared here
gov_show_one(wave, wave_step_pct);
^
/home/runner/work/Void-Kernal-/Void-Kernal-/kernel/drivers/cpufreq/cpufreq_governor.h:57:16: note: expanded from macro 'gov_show_one'
static ssize_t show_##file_name                                         \
               ^
<scratch space>:202:1: note: expanded from here
show_wave_step_pct
^
/home/runner/work/Void-Kernal-/Void-Kernal-/kernel/drivers/cpufreq/cpufreq_wave.c:167:1: error: incompatible function pointer types initializing 'ssize_t (*)(struct gov_attr_set *, const char *, size_t)' (aka 'long (*)(struct gov_attr_set *, const char *, unsigned long)') with an expression of type 'ssize_t (struct gov_attr_set *, char *)' (aka 'long (struct gov_attr_set *, char *)') [-Werror,-Wincompatible-function-pointer-types]
gov_attr_rw(wave_step_pct);
^~~~~~~~~~~~~~~~~~~~~~~~~~
/home/runner/work/Void-Kernal-/Void-Kernal-/kernel/drivers/cpufreq/cpufreq_governor.h:79:35: note: expanded from macro 'gov_attr_rw'
__ATTR(_name, 0644, show_##_name, store_##_name)
                                  ^~~~~~~~~~~~~
<scratch space>:218:1: note: expanded from here
store_wave_step_pct
^~~~~~~~~~~~~~~~~~~
/home/runner/work/Void-Kernal-/Void-Kernal-/kernel/include/linux/sysfs.h:104:11: note: expanded from macro '\
__ATTR'
        .store  = _store,                                               \
                  ^~~~~~
/home/runner/work/Void-Kernal-/Void-Kernal-/kernel/drivers/cpufreq/cpufreq_wave.c:203:10: error: no member named 'down_threshold_pct' in 'struct wave_dbs_tuners'
        tuners->down_threshold_pct = WAVE_DEF_DOWN_THRESHOLD;
        ~~~~~~  ^
9 errors generated.
make[3]: *** [/home/runner/work/Void-Kernal-/Void-Kernal-/kernel/scripts/Makefile.build:337: drivers/cpufreq/cpufreq_wave.o] Error 1
make[2]: *** [/home/runner/work/Void-Kernal-/Void-Kernal-/kernel/scripts/Makefile.build:650: drivers/cpufreq] Error 2
make[1]: *** [/home/runner/work/Void-Kernal-/Void-Kernal-/kernel/Makefile:1258: drivers] Error 2
make[1]: *** Waiting for unfinished jobs....
  AR      sound/spi/built-in.o
  CC      fs/nls/nls_base.o
  CC      fs/nfsd/nfs3proc.o
  AR      sound/soc/adi/built-in.o
  AR      sound/soc/amd/built-in.o
  CC      fs/nfs/proc.o
  AR      sound/soc/atmel/built-in.o
  AR      sound/soc/au1x/built-in.o
  CC      fs/nfsd/nfs3xdr.o
  AR      sound/soc/bcm/built-in.o
  CC      fs/nls/nls_cp437.o
  AR      sound/soc/blackfin/built-in.o
  AR      sound/soc/cirrus/built-in.o
  CC      sound/soc/codecs/cs47l92.o
  CC      fs/nls/nls_cp737.o
  CC      fs/nls/nls_cp775.o
  CC      fs/nfs/nfs2xdr.o
  CC      fs/nfsd/nfs4proc.o
  CC      fs/nls/nls_cp850.o
  CC      fs/nls/nls_cp852.o
  CC      fs/nls/nls_cp855.o
  CC      sound/soc/codecs/madera.o
  CC      fs/nfsd/nfs4xdr.o
  CC      fs/nfs/nfs3super.o
  CC      fs/nls/nls_cp857.o
  CC      fs/nls/nls_cp860.o
  CC      fs/nls/nls_cp861.o
  CC      fs/nfs/nfs3client.o
  CC      fs/nls/nls_cp862.o
  CC      fs/nls/nls_cp863.o
  CC      fs/nfsd/nfs4state.o
  CC      fs/nls/nls_cp864.o
  CC      sound/soc/codecs/max98512.o
  CC      fs/nls/nls_cp865.o
  CC      fs/nls/nls_cp866.o
  CC      fs/nfs/nfs3proc.o
  CC      fs/nls/nls_cp869.o
  CC      fs/nls/nls_cp874.o
  CC      sound/soc/codecs/maxim_dsm.o
  CC      fs/nls/nls_cp932.o
  CC      fs/nfs/nfs3xdr.o
  CC      fs/nls/nls_euc-jp.o
  CC      fs/nfsd/nfs4idmap.o
  CC      fs/nls/nls_cp936.o
  CC      sound/soc/codecs/maxim_dsm_cal.o
  CC      fs/nfsd/nfs4acl.o
  CC      fs/nls/nls_cp949.o
  CC      fs/nfs/nfs3acl.o
  CC      fs/nls/nls_cp950.o
  CC      fs/nfsd/nfs4callback.o
  CC      sound/soc/codecs/maxim_dsm_power.o
  CC      fs/nfs/nfs4proc.o
  CC      fs/nls/nls_cp1250.o
  CC      fs/nls/nls_cp1251.o
  CC      sound/soc/codecs/wm_adsp.o
  CC      fs/nfsd/nfs4recover.o
  CC      fs/nls/nls_ascii.o
  CC      fs/nls/nls_iso8859-1.o
  CC      fs/nls/nls_iso8859-2.o
  CC      fs/nls/nls_iso8859-3.o
  AR      fs/nfsd/nfsd.o
  AR      fs/nfsd/built-in.o
  CC      fs/nls/nls_iso8859-4.o
  CC      fs/notify/fsnotify.o
  CC      sound/soc/codecs/moro_sound.o
  CC      fs/nls/nls_iso8859-5.o
  CC      fs/nls/nls_iso8859-6.o
  CC      fs/notify/notification.o
  CC      fs/nls/nls_iso8859-7.o
  AR      sound/soc/codecs/snd-soc-cs47l92.o
  AR      sound/soc/codecs/snd-soc-madera.o
  AR      sound/soc/codecs/snd-soc-max98512.o
  AR      sound/soc/codecs/snd-soc-maxim-dsm.o
  AR      sound/soc/codecs/snd-soc-maxim-dsm-cal.o
  CC      fs/nfs/nfs4xdr.o
  AR      sound/soc/codecs/snd-soc-wm-adsp.o
  CC      fs/nls/nls_cp1255.o
  AR      sound/soc/codecs/built-in.o
  AR      sound/soc/davinci/built-in.o
  AR      sound/soc/dwc/built-in.o
  AR      sound/soc/fsl/built-in.o
  CC      fs/nls/nls_iso8859-9.o
  AR      sound/soc/generic/built-in.o
  CC      fs/notify/group.o
  AR      sound/soc/img/built-in.o
  AR      sound/soc/intel/boards/built-in.o
  AR      sound/soc/intel/built-in.o
  CC      fs/nls/nls_iso8859-13.o
  AR      sound/soc/jz4740/built-in.o
  AR      sound/soc/kirkwood/built-in.o
  AR      sound/soc/mediatek/built-in.o
  AR      sound/soc/mxs/built-in.o
  CC      fs/notify/inode_mark.o
  CC      fs/nls/nls_iso8859-14.o
  AR      sound/soc/nuc900/built-in.o
  AR      sound/soc/omap/built-in.o
  AR      sound/soc/pxa/built-in.o
  AR      sound/soc/qcom/built-in.o
  CC      fs/nls/nls_iso8859-15.o
  AR      sound/soc/rockchip/built-in.o
  CC      sound/soc/samsung/dmaengine.o
  CC      fs/notify/mark.o
  CC      fs/nls/nls_koi8-r.o
  CC      fs/nls/nls_koi8-u.o
  CC      fs/notify/vfsmount_mark.o
  CC      fs/nls/nls_koi8-ru.o
  CC      sound/soc/samsung/dp_dma.o
  CC      fs/notify/fdinfo.o
  CC      fs/nls/nls_utf8.o
  CC      fs/nls/mac-celtic.o
  CC      fs/notify/dnotify/dnotify.o
  CC      sound/soc/samsung/dummy_cpu_dai.o
  CC      fs/nls/mac-centeuro.o
  CC      fs/nfs/nfs4state.o
  AR      fs/notify/dnotify/built-in.o
  AR      fs/notify/fanotify/built-in.o
  CC      fs/notify/inotify/inotify_fsnotify.o
  CC      fs/nls/mac-croatian.o
  CC      sound/soc/samsung/abox/abox_util.o
  CC      fs/nls/mac-cyrillic.o
  CC      fs/notify/inotify/inotify_user.o
  CC      sound/soc/samsung/abox/abox_dbg.o
  CC      fs/nls/mac-gaelic.o
  CC      fs/nls/mac-greek.o
  AR      fs/notify/inotify/built-in.o
  AR      fs/notify/built-in.o
  CC      fs/ntfs/aops.o
  CC      fs/nls/mac-iceland.o
  CC      sound/soc/samsung/abox/abox_dump.o
  CC      fs/nls/mac-inuit.o
  CC      fs/nfs/nfs4renewd.o
  CC      fs/ntfs/attrib.o
  CC      fs/nls/mac-romanian.o
  CC      fs/nls/mac-roman.o
  CC      sound/soc/samsung/abox/abox_log.o
  CC      fs/ntfs/collate.o
  CC      fs/nls/mac-turkish.o
  CC      fs/nfs/nfs4super.o
  AR      fs/nls/built-in.o
  AR      sound/synth/built-in.o
  CC      fs/ntfs/compress.o
  AR      sound/soc/sh/built-in.o
  CC      sound/soc/samsung/vts/mailbox.o
  CC      sound/soc/samsung/abox/abox_gic.o
  CC      fs/nfs/nfs4file.o
  CC      fs/ntfs/debug.o
  CC      sound/soc/samsung/vts/vts.o
  CC      fs/ntfs/dir.o
  CC      sound/soc/samsung/abox/abox.o
  CC      fs/nfs/delegation.o
  CC      fs/ntfs/file.o
  CC      sound/soc/samsung/vts/vts_dma.o
  CC      fs/ntfs/index.o
  CC      sound/soc/samsung/vts/vts_log.o
  CC      fs/ntfs/inode.o
  CC      fs/nfs/nfs4idmap.o
  CC      fs/ntfs/mft.o
  CC      sound/soc/samsung/abox/abox_rdma.o
  CC      sound/soc/samsung/vts/vts_dump.o
  CC      fs/ntfs/mst.o
  AR      sound/soc/samsung/vts/built-in.o
  CC      sound/soc/samsung/abox/abox_wdma.o
  CC      sound/usb/card.o
  CC      fs/ntfs/namei.o
  CC      fs/ntfs/runlist.o
  CC      fs/nfs/callback.o
  CC      sound/soc/samsung/abox/abox_if.o
  CC      sound/usb/clock.o
  CC      fs/ntfs/super.o
  CC      sound/soc/samsung/abox/abox_effect.o
  CC      sound/usb/endpoint.o
  CC      fs/nfs/callback_xdr.o
  CC      sound/soc/samsung/abox/abox_vss.o
  CC      fs/ntfs/sysctl.o
  CC      sound/usb/format.o
  CC      fs/ntfs/unistr.o
  CC      sound/soc/samsung/abox/abox_failsafe.o
  CC      sound/usb/helper.o
  CC      fs/nfs/callback_proc.o
  CC      fs/ntfs/upcase.o
  CC      sound/soc/samsung/abox/abox_vdma.o
  CC      sound/usb/mixer.o
  AR      fs/ntfs/ntfs.o
  AR      fs/ntfs/built-in.o
  CC      fs/overlayfs/super.o
  CC      sound/soc/samsung/abox/abox_mmapfd.o
  CC      fs/nfs/nfs4namespace.o
  CC      sound/usb/mixer_quirks.o
  CC      sound/soc/samsung/abox/abox_adaptation.o
  CC      fs/overlayfs/inode.o
  CC      sound/usb/mixer_scarlett.o
  CC      fs/overlayfs/dir.o
  CC      fs/nfs/nfs4getroot.o
  CC      sound/usb/pcm.o
  AR      sound/soc/samsung/abox/built-in.o
  CC      sound/soc/samsung/star_madera.o
  CC      fs/overlayfs/readdir.o
  CC      fs/nfs/nfs4client.o
  CC      fs/overlayfs/copy_up.o
  CC      sound/usb/proc.o
  CC      sound/soc/samsung/jack_madera_sysfs_cb.o
  AR      fs/overlayfs/overlay.o
  AR      fs/overlayfs/built-in.o
  CC      sound/usb/quirks.o
  CC      fs/proc/task_mmu.o
  CC      sound/usb/stream.o
  CC      sound/soc/samsung/sec_audio_sysfs.o
  CC      fs/proc/inode.o
  CC      fs/nfs/nfs4session.o
  CC      sound/usb/midi.o
  CC      sound/soc/samsung/sec_audio_debug.o
  CC      fs/proc/root.o
  CC      fs/proc/base.o
  AR      sound/soc/samsung/snd-soc-s3c-dma.o
  AR      sound/usb/6fire/built-in.o
  AR      sound/soc/samsung/snd-soc-dp_dma.o
  AR      sound/soc/samsung/snd-soc-star-madera.o
  AR      sound/usb/bcd2000/built-in.o
  AR      sound/soc/samsung/snd-soc-sec-audio.o
  AR      sound/soc/samsung/built-in.o
  AR      sound/usb/caiaq/built-in.o
  AR      sound/usb/hiface/built-in.o
  AR      sound/soc/sirf/built-in.o
  CC      fs/nfs/dns_resolve.o
  AR      sound/usb/misc/built-in.o
  AR      sound/soc/spear/built-in.o
  AR      sound/usb/usx2y/built-in.o
  AR      sound/soc/sti/built-in.o
  AR      sound/usb/snd-usb-audio.o
  AR      sound/usb/snd-usbmidi-lib.o
  AR      sound/soc/sunxi/built-in.o
  AR      sound/usb/built-in.o
  AR      sound/soc/tegra/built-in.o
  AR      sound/soc/txx9/built-in.o
  CC      fs/proc/generic.o
  CC      fs/pstore/inode.o
  AR      sound/soc/ux500/built-in.o
  AR      sound/soc/xtensa/built-in.o
  AR      sound/soc/zte/built-in.o
  AR      sound/soc/snd-soc-core.o
  AR      sound/soc/built-in.o
  CC      sound/last.o
  CC      fs/nfs/nfs4trace.o
  CC      fs/pstore/platform.o
  AR      sound/soundcore.o
  AR      sound/built-in.o
  CC      fs/quota/dquot.o
  CC      fs/proc/array.o
  CC      fs/pstore/pmsg.o
fs/nfs/.tmp_nfs4trace.o: no symbols
  CC      fs/nfs/nfs4sysctl.o
  CC      fs/proc/fd.o
  CC      fs/pstore/ram.o
  CC      fs/proc/proc_tty.o
  CC      fs/quota/quota_v2.o
  CC      fs/nfs/pnfs.o
  CC      fs/pstore/ram_core.o
  CC      fs/proc/cmdline.o
  CC      fs/quota/quota_tree.o
  AR      fs/pstore/pstore.o
  AR      fs/pstore/ramoops.o
  CC      fs/proc/consoles.o
  AR      fs/pstore/built-in.o
  CC      fs/ramfs/inode.o
  CC      fs/proc/cpuinfo.o
  CC      fs/quota/quota.o
  CC      fs/ramfs/file-mmu.o
  CC      fs/proc/devices.o
  CC      fs/proc/interrupts.o
  AR      fs/ramfs/ramfs.o
  AR      fs/ramfs/built-in.o
  CC      fs/nfs/pnfs_dev.o
  CC      fs/quota/kqid.o
  CC      fs/proc/loadavg.o
  CC      fs/nfs/pnfs_nfs.o
  CC      fs/proc/meminfo.o
  CC      fs/quota/netlink.o
  CC      fs/proc/stat.o
  AR      fs/quota/built-in.o
  CC      fs/proc/uptime.o
  CC      fs/sdcardfs/dentry.o
  CC      fs/sdfat/sdfat.o
  CC      fs/proc/version.o
  CC      fs/nfs/nfs42proc.o
  CC      fs/sdcardfs/file.o
  CC      fs/proc/softirqs.o
  CC      fs/sdcardfs/inode.o
  CC      fs/proc/namespaces.o
  CC      fs/sdfat/core.o
  CC      fs/nfs/blocklayout/blocklayout.o
  CC      fs/sdcardfs/main.o
  CC      fs/proc/self.o
  CC      fs/proc/thread_self.o
  CC      fs/sdfat/core_fat.o
  CC      fs/sdcardfs/super.o
  CC      fs/proc/uid.o
  CC      fs/nfs/blocklayout/dev.o
  CC      fs/sdcardfs/lookup.o
  CC      fs/proc/fslog.o
  CC      fs/sdfat/core_exfat.o
  CC      fs/sdcardfs/mmap.o
  CC      fs/proc/proc_sysctl.o
  CC      fs/nfs/blocklayout/extent_tree.o
  CC      fs/sdcardfs/packagelist.o
  CC      fs/sdfat/api.o
  CC      fs/sdfat/blkdev.o
  CC      fs/proc/proc_net.o
  CC      fs/nfs/blocklayout/rpc_pipefs.o
  CC      fs/sdfat/fatent.o
  CC      fs/sdfat/amap_smart.o
  CC      fs/proc/kmsg.o
  AR      fs/nfs/blocklayout/blocklayoutdriver.o
  CC      fs/sdcardfs/derived_perm.o
  AR      fs/nfs/blocklayout/built-in.o
  CC      fs/nfs/filelayout/filelayout.o
  CC      fs/proc/page.o
  AR      fs/sdcardfs/sdcardfs.o
  CC      fs/sdfat/cache.o
  AR      fs/sdcardfs/built-in.o
  CC      fs/nfs/flexfilelayout/flexfilelayout.o
  AR      fs/proc/proc.o
  AR      fs/proc/built-in.o
  CC      fs/sysfs/file.o
  CC      fs/sdfat/dfr.o
  CC      fs/nfs/filelayout/filelayoutdev.o
fs/sdfat/.tmp_dfr.o: no symbols
  CC      fs/sdfat/nls.o
  CC      fs/sysfs/dir.o
  CC      fs/nfs/flexfilelayout/flexfilelayoutdev.o
  CC      fs/sdfat/misc.o
  AR      fs/nfs/filelayout/nfs_layout_nfsv41_files.o
  AR      fs/nfs/filelayout/built-in.o
  AR      fs/nfs/nfs.o
  CC      fs/sysfs/symlink.o
  AR      fs/nfs/nfsv2.o
  CC      fs/eventpoll.o
  CC      fs/sdfat/mpage.o
  CC      fs/sysfs/mount.o
  AR      fs/nfs/flexfilelayout/nfs_layout_flexfiles.o
  AR      fs/nfs/flexfilelayout/built-in.o
  AR      fs/nfs/nfsv3.o
  AR      fs/nfs/nfsv4.o
  CC      fs/anon_inodes.o
  AR      fs/nfs/built-in.o
  CC      fs/sdfat/extent.o
  CC      fs/sysfs/group.o
  CC      fs/signalfd.o
  CC      fs/sdfat/xattr.o
  CC      fs/timerfd.o
  AR      fs/sysfs/built-in.o
  CC      fs/sdfat/statistics.o
  CC      fs/eventfd.o
  CC      fs/aio.o
  AR      fs/sdfat/sdfat_fs.o
  AR      fs/sdfat/built-in.o
  CC      fs/locks.o
  CC      fs/compat.o
  CC      fs/compat_ioctl.o
  CC      fs/binfmt_script.o
  CC      fs/binfmt_elf.o
  CC      fs/compat_binfmt_elf.o
  CC      fs/mbcache.o
  CC      fs/posix_acl.o
  CC      fs/coredump.o
  CC      fs/drop_caches.o
  AR      fs/built-in.o
make[1]: Leaving directory '/home/runner/work/Void-Kernal-/Void-Kernal-/out'
make: *** [Makefile:152: sub-make] Error 2
make: Leaving directory '/home/runner/work/Void-Kernal-/Void-Kernal-/kernel'
